Target folder: C:\Users\medel\OneDrive - MATRIX TECHNOLOGY SOLUTIONS\FC10\Components\IO_Source\DSP
Source name:   C:\Users\medel\OneDrive - MATRIX TECHNOLOGY SOLUTIONS\FC10\Components\IO_Source\DSP\DSP_Interlace.fcfx
Title:         
Description:   
Device:        PIC.16F.16F877A
Generated by:  Flowcode v11.0.0.8
Date:          Thursday, October 30, 2025 15:41:09
Users:         1
Registered to: medelec35 (65920724)
Licence key: 5Q78FW
https://www.flowcode.co.uk
Using <PICkit2 PK2CMD External Power> inbuilt settings for compiler
Launching the compiler...
C:\ProgramData\MatrixTSL\FlowcodeV11\FCD\PIC\batch\pic_xc8_comp.bat  "C:\Program Files (x86)\Flowcode\Common\Compilers\picv2\\" 16F877A "C:\Users\medel\OneDrive - MATRIX TECHNOLOGY SOLUTIONS\FC10\Components\IO_Source\DSP\" "DSP_Interlace"

C:\Users\medel\OneDrive - MATRIX TECHNOLOGY SOLUTIONS\FC10\Components\IO_Source\DSP>REM CRC: 90CF26913586BBA787FE92D553771933222DCF72B25FEB4608E17FBD060500D8A6D7AF8357042D9E8B5C2E833010A32BE2214988CBC1BB00301ECF6745983589A9CE866D3EBD48DE4910375451077F45562AF2F62E9AB6760C3CAEE8E7DA6987B08235BD4F165DE350CACCEB0B5A8E521002EAF3D15174CD20633AD186EC562DBEEF6112EA5AA5CF5041CCE14E8D252BC416ECB8EC7761E4FD518969900F56C6C8F36CE7BEFFD91E73F563CBE7F64B8A69F01B3F3C0F45102C3050DA273BE4EE464087EABAE4073CCE8590A2034B265B899B535CCC0630944A53779878588293DF04F96FE36F6B2B 

C:\Users\medel\OneDrive - MATRIX TECHNOLOGY SOLUTIONS\FC10\Components\IO_Source\DSP>REM REVISION: 5.0 

C:\Users\medel\OneDrive - MATRIX TECHNOLOGY SOLUTIONS\FC10\Components\IO_Source\DSP>REM GUID: 50CB4B58-ED9C-4591-8D65-A87DE810E8CC 

C:\Users\medel\OneDrive - MATRIX TECHNOLOGY SOLUTIONS\FC10\Components\IO_Source\DSP>REM DATE: 12\06\2025 

C:\Users\medel\OneDrive - MATRIX TECHNOLOGY SOLUTIONS\FC10\Components\IO_Source\DSP>REM DIR: FCD\PIC\batch\pic_xc8_comp.bat 

C:\Users\medel\OneDrive - MATRIX TECHNOLOGY SOLUTIONS\FC10\Components\IO_Source\DSP>"C:\Program Files (x86)\Flowcode\Common\Compilers\picv2\\bin\xc8.exe" --chip=16F877A "DSP_Interlace.c" --double=32 --float=32 --msgdisable=359,1273,1388  
C:\Program Files (x86)\Flowcode\Common\Compilers\picv2\pic\bin\picc --chip=16F877A DSP_Interlace.c --double=32 --float=32 --msgdisable=359,1273,1388
Microchip MPLAB XC8 C Compiler V2.10
Build date: Jul 30 2019
Part Support Version: 2.10
Copyright (C) 2019 Microchip Technology Inc.
DSP_Interlace.c: FCM_Ev_AddVar()
  2075:	FCI_SHEAD("IndexIn",8, FCI_TOSTRU16(FCL_IDX, FCI_TMP_STR, (20)),20, FCL_VARSTR,20);
	                (357) illegal conversion of integer to pointer ^ (warning)
  2090:	FCI_SHEAD("BuffSizeIn",11, FCI_TOSTRU16(FCL_IDX, FCI_TMP_STR, (20)),20, FCL_PROPSTR,20);
	                    (357) illegal conversion of integer to pointer ^ (warning)
DSP_Interlace.c: FCM_Interlace()
  2157:	DSPBuff_1[FCV_INDEXOUT] = (unsigned char ) DSPBuff_0_Get(FCV_INDEXIN0);
	      (361) function declared implicit int ^ (warning)
	               (192) undefined identifier "FCV_INDEXIN0" ^
  2169:	FCD_02571_TypeConversionsFree1__SetInt(0, DSPBuff_0_Get(FCV_INDEXIN0));
	              (192) undefined identifier "FCV_INDEXIN0" ^
  2189:	FCD_02571_TypeConversionsFree1__SetLong(DSPBuff_0_Get(FCV_INDEXIN0));
	            (192) undefined identifier "FCV_INDEXIN0" ^
  2227:	FCV_INDEXIN0 = FCV_INDEXIN0 + 1;
	^ (192) undefined identifier "FCV_INDEXIN0"
  2257:	DSPBuff_1[FCV_INDEXOUT] = (unsigned char ) DSPBuff_0_Get(FCV_INDEXIN1);
	               (192) undefined identifier "FCV_INDEXIN1" ^
  2269:	FCD_02571_TypeConversionsFree1__SetInt(0, DSPBuff_0_Get(FCV_INDEXIN1));
	              (192) undefined identifier "FCV_INDEXIN1" ^
  2289:	FCD_02571_TypeConversionsFree1__SetLong(DSPBuff_0_Get(FCV_INDEXIN1));
	            (192) undefined identifier "FCV_INDEXIN1" ^
  2327:	FCV_INDEXIN1 = FCV_INDEXIN1 + 1;
	^ (192) undefined identifier "FCV_INDEXIN1"
  2357:	DSPBuff_1[FCV_INDEXOUT] = (unsigned char ) DSPBuff_0_Get(FCV_INDEXIN2);
	               (192) undefined identifier "FCV_INDEXIN2" ^
  2369:	FCD_02571_TypeConversionsFree1__SetInt(0, DSPBuff_0_Get(FCV_INDEXIN2));
	              (192) undefined identifier "FCV_INDEXIN2" ^
  2389:	FCD_02571_TypeConversionsFree1__SetLong(DSPBuff_0_Get(FCV_INDEXIN2));
	            (192) undefined identifier "FCV_INDEXIN2" ^
  2427:	FCV_INDEXIN2 = FCV_INDEXIN2 + 1;
	^ (192) undefined identifier "FCV_INDEXIN2"
  2457:	DSPBuff_1[FCV_INDEXOUT] = (unsigned char ) DSPBuff_0_Get(FCV_INDEXIN3);
	               (192) undefined identifier "FCV_INDEXIN3" ^
  2469:	FCD_02571_TypeConversionsFree1__SetInt(0, DSPBuff_0_Get(FCV_INDEXIN3));
	              (192) undefined identifier "FCV_INDEXIN3" ^
  2489:	FCD_02571_TypeConversionsFree1__SetLong(DSPBuff_0_Get(FCV_INDEXIN3));
	            (192) undefined identifier "FCV_INDEXIN3" ^
  2527:	FCV_INDEXIN3 = FCV_INDEXIN3 + 1;
	^ (192) undefined identifier "FCV_INDEXIN3"
  2557:	DSPBuff_1[FCV_INDEXOUT] = (unsigned char ) DSPBuff_0_Get(FCV_INDEXIN4);
	               (192) undefined identifier "FCV_INDEXIN4" ^
  2569:	FCD_02571_TypeConversionsFree1__SetInt(0, DSPBuff_0_Get(FCV_INDEXIN4));
	              (192) undefined identifier "FCV_INDEXIN4" ^
  2589:	FCD_02571_TypeConversionsFree1__SetLong(DSPBuff_0_Get(FCV_INDEXIN4));
	            (192) undefined identifier "FCV_INDEXIN4" ^
  2627:	FCV_INDEXIN4 = FCV_INDEXIN4 + 1;
	^ (192) undefined identifier "FCV_INDEXIN4"
DSP_Interlace.c: 2657: too many errors (21)
(908) exit status = 1
(908) exit status = 1

Error returned from [xc8.exe]

C:\ProgramData\MatrixTSL\FlowcodeV11\FCD\PIC\batch\pic_xc8_comp.bat reported error code 0x1

Autoclose turned off


FINISHED
